r: real #
s: real #
t: real #
u: real #
v: real #
