x1, y1, x2, y2, x4, y4: ? #
x3, y3: ? #
x5, y5: ? #
