{9999 , NUM , 2}
{x00000000001x08 , ID , 2}
{ , END_OF_FILE , 5}
