{3.21 , REALNUM , 1}
{a , ID , 1}
{ , END_OF_FILE , 3}
