{1x08 , BASE08NUM , 1}
{x , ID , 1}
{ , END_OF_FILE , 3}
