{11x16 , BASE16NUM , 1}
{134x16 , BASE16NUM , 2}
{ABCGx16 , ID , 3}
{ , END_OF_FILE , 5}
