{3 , NUM , 2}
{ABx17 , ID , 2}
{ , END_OF_FILE , 4}
